// Jest Snapshot v1, https://goo.gl/fbAQLP

exports[`MovieList Render MovieList 1`] = `
<div
  className="catalog__movies-list"
>
  <article
    className="small-movie-card catalog__movies-card"
    onMouseOver={[Function]}
  >
    <div
      className="small-movie-card__image"
    >
      <img
        alt="Movie_title-1"
        height="175"
        src="Movie_image-1"
        width="280"
      />
    </div>
    <h3
      className="small-movie-card__title"
    >
      <a
        className="small-movie-card__link"
        href="movie-page.html"
        onClick={[Function]}
      >
        Movie_title-1
      </a>
    </h3>
  </article>
  <article
    className="small-movie-card catalog__movies-card"
    onMouseOver={[Function]}
  >
    <div
      className="small-movie-card__image"
    >
      <img
        alt="Movie_title-2"
        height="175"
        src="Movie_image-2"
        width="280"
      />
    </div>
    <h3
      className="small-movie-card__title"
    >
      <a
        className="small-movie-card__link"
        href="movie-page.html"
        onClick={[Function]}
      >
        Movie_title-2
      </a>
    </h3>
  </article>
  <article
    className="small-movie-card catalog__movies-card"
    onMouseOver={[Function]}
  >
    <div
      className="small-movie-card__image"
    >
      <img
        alt="Movie_title-3"
        height="175"
        src="Movie_image-3"
        width="280"
      />
    </div>
    <h3
      className="small-movie-card__title"
    >
      <a
        className="small-movie-card__link"
        href="movie-page.html"
        onClick={[Function]}
      >
        Movie_title-3
      </a>
    </h3>
  </article>
</div>
`;
