// Jest Snapshot v1, https://goo.gl/fbAQLP

exports[`withSmallMovieCard MockComponentWrapped Render withSmallMovieCard MockComponentWrapped 1`] = `<div />`;
