// Jest Snapshot v1, https://goo.gl/fbAQLP

exports[`withActiveItem MockComponentWrapped Render withActiveItem MockComponentWrapped 1`] = `<div />`;
